
> TuttoCorpo@1.0.0 build C:\Users\aguir\OneDrive\Escritorio\Webs\TuttoCorpo
> next build

Ôû▓ Next.js 16.1.6 (Turbopack)

  Creating an optimized production build ...
node.exe : 
En C:\Users\aguir\AppData\Ro
aming\npm\pnpm.ps1: 24 
Carácter: 5
+     & "node$exe"  "$basedi
r/node_modules/pnpm/bin/pnpm
.cjs" $args
+     ~~~~~~~~~~~~~~~~~~~~~~
~~~~~~~~~~~~~~~~~~~~~~~~~~~~
~~~~~~~~~~~
    + CategoryInfo          
    : NotSpecified: (:Stri  
  ng) [], RemoteException
    + FullyQualifiedErrorId 
    : NativeCommandError
 
> Build error occurred
Error: Turbopack build 
failed with 1 errors:
./src/app/globals.css
Error evaluating Node.js 
code
CssSyntaxError: C:\Users\agu
ir\OneDrive\Escritorio\Webs\
TuttoCorpo\src\app\globals.c
ss:1:1: The `bg-background` 
class does not exist. If 
`bg-background` is a custom 
class, make sure it is 
defined within a `@layer` 
directive.
    at Input.error (node_mod
ules/.pnpm/postcss@8.5.6/nod
e_modules/postcss/lib/input.
js:135:16) [C:\Users\aguir\O
neDrive\Escritorio\Webs\Tutt
oCorpo\.next\build\chunks\no
de_modules__pnpm_806d01c0._.
js:4651:22]
    at AtRule.error (node_mo
dules/.pnpm/postcss@8.5.6/no
de_modules/postcss/lib/node.
js:146:32) [C:\Users\aguir\O
neDrive\Escritorio\Webs\Tutt
oCorpo\.next\build\chunks\no
de_modules__pnpm_806d01c0._.
js:928:38]
    [at processApply (C:\Use
rs\aguir\OneDrive\Escritorio
\Webs\TuttoCorpo\node_module
s\.pnpm\tailwindcss@3.4.19\n
ode_modules\tailwindcss\lib\
lib\expandApplyAtRules.js:38
0:29)]
    [at C:\Users\aguir\OneDr
ive\Escritorio\Webs\TuttoCor
po\node_modules\.pnpm\tailwi
ndcss@3.4.19\node_modules\ta
ilwindcss\lib\lib\expandAppl
yAtRules.js:551:9]
    [at C:\Users\aguir\OneDr
ive\Escritorio\Webs\TuttoCor
po\node_modules\.pnpm\tailwi
ndcss@3.4.19\node_modules\ta
ilwindcss\lib\processTailwin
dFeatures.js:55:50]
    [at async plugins (C:\Us
ers\aguir\OneDrive\Escritori
o\Webs\TuttoCorpo\node_modul
es\.pnpm\tailwindcss@3.4.19\
node_modules\tailwindcss\lib
\plugin.js:38:17)]
    at async 
LazyResult.runAsync (node_mo
dules/.pnpm/postcss@8.5.6/no
de_modules/postcss/lib/lazy-
result.js:293:11) [C:\Users\
aguir\OneDrive\Escritorio\We
bs\TuttoCorpo\.next\build\ch
unks\node_modules__pnpm_806d
01c0._.js:6206:21]
    at async transform (turb
opack:///[turbopack-node]/tr
ansforms/postcss.ts:70:34) [
C:\Users\aguir\OneDrive\Escr
itorio\Webs\TuttoCorpo\.next
\build\chunks\[root-of-the-s
erver]__6d51cb5d._.js:172:36
]
    at async run (turbopack:
///[turbopack-node]/ipc/eval
uate.ts:92:23) [C:\Users\agu
ir\OneDrive\Escritorio\Webs\
TuttoCorpo\.next\build\chunk
s\[root-of-the-server]__4469
5d76._.js:443:31]

Import trace:
  Client Component Browser:
    ./src/app/globals.css 
[Client Component Browser]
    ./src/app/layout.tsx 
[Server Component]


    at async transform (turb
opack:///[turbopack-node]/tr
ansforms/postcss.ts:70:34) [
C:\Users\aguir\OneDrive\Escr
itorio\Webs\TuttoCorpo\.next
\build\chunks\[root-of-the-s
erver]__6d51cb5d._.js:172:36
])
    at async run (turbopack:
///[turbopack-node]/ipc/eval
uate.ts:92:23) [C:\Users\agu
ir\OneDrive\Escritorio\Webs\
TuttoCorpo\.next\build\chunk
s\[root-of-the-server]__4469
5d76._.js:443:31])
ÔÇëELIFECYCLEÔÇë Command failed with exit code 1.
